{"time":"2021-05-24T11:56:30.68933Z","id":"212612-374","block":"d5a31523c0b3653c5c760af15ac5edc8ebbaaa47466670c9614258fbb225aea6","type":"BUS_EVENT_TYPE_ACCOUNT","account":{"id":"!6fb72005cde8e239f8d3b08c5fbcec06f93bfb45e9013208f662954923343fba8b52d4a3a4b0ffe733cddbc2b67be273816cfeb6ca4c8b339bac03ffba08e4e44","owner":"6fb72005cde8e239f8d3b08c5fbcec06f93bfb45e9013208f662954923343fba","balance":"9954810465033","asset":"8b52d4a3a4b0ffe733cddbc2b67be273816cfeb6ca4c8b339bac03ffba08e4e4","marketId":"!","type":"ACCOUNT_TYPE_GENERAL"}}