{"time":"2021-06-01T16:07:44.345705Z","id":"30270-9","block":"497136130a68fea9930aa7bfdeaa178b1b381da3f6a148b6708e2c76abf87166","type":"BUS_EVENT_TYPE_LIQUIDITY_PROVISION","liquidityProvision":{"id":"e4c9834c8407b7fbccfcbb5e1330e8ca60fe5485b902e5a0693bc0cd2c015953","partyId":"0f3d86044f8e7efff27131227235fb6db82574e24f788c30723d67f888b51d61","createdAt":"1622539895383799724","updatedAt":"1622542156565549911","marketId":"076BB86A5AA41E3E","commitmentAmount":"100008321698078","fee":"0.001","sells":[{"orderId":"V0000003323-0000171610","liquidityOrder":{"reference":"PEGGED_REFERENCE_BEST_ASK","proportion":10,"offset":"84"}},{"orderId":"V0000003323-0000171611","liquidityOrder":{"reference":"PEGGED_REFERENCE_BEST_ASK","proportion":20,"offset":"42"}},{"orderId":"V0000003323-0000171612","liquidityOrder":{"reference":"PEGGED_REFERENCE_BEST_ASK","proportion":30,"offset":"41"}},{"orderId":"V0000003323-0000171613","liquidityOrder":{"reference":"PEGGED_REFERENCE_BEST_ASK","proportion":40,"offset":"40"}}],"buys":[{"orderId":"V0000003323-0000171606","liquidityOrder":{"reference":"PEGGED_REFERENCE_BEST_BID","proportion":40,"offset":"-20"}},{"orderId":"V0000003323-0000171607","liquidityOrder":{"reference":"PEGGED_REFERENCE_BEST_BID","proportion":30,"offset":"-21"}},{"orderId":"V0000003323-0000171608","liquidityOrder":{"reference":"PEGGED_REFERENCE_BEST_BID","proportion":20,"offset":"-22"}},{"orderId":"V0000003323-0000171609","liquidityOrder":{"reference":"PEGGED_REFERENCE_BEST_BID","proportion":10,"offset":"-44"}}],"status":"STATUS_ACTIVE"}}
