{"time":"2021-06-01T16:29:38.096231Z","id":"31907-507","block":"f9a5135821f7cb21cd2346f36abd40f2f54752d94bb00e43534437ae61cc3783","type":"BUS_EVENT_TYPE_MARKET_CREATED","market":{"marketId":"a6f2c001f855f926b49bd43add22bc8bf619d569c3ef6fe442a3c31ffdc54fa5","payload":"Market ID a6f2c001f855f926b49bd43add22bc8bf619d569c3ef6fe442a3c31ffdc54fa5 created (id:\"a6f2c001f855f926b49bd43add22bc8bf619d569c3ef6fe442a3c31ffdc54fa5\" tradable_instrument:\u003cinstrument:\u003ccode:\"ferns3\" name:\"ferns3 (2099, tDAI)\" metadata:\u003c\u003e future:\u003cmaturity:\"2099-12-31T23:59:59Z\" settlement_asset:\"6d9d35f657589e40ddfb448b7ad4a7463b66efb307527fedd2aa7df1bbd5ea61\" quote_name:\"tDAI\" oracle_spec:\u003cid:\"6f9b102855efc7b2421df3de4007bd3c6b9fd237e0f9b9b18326800fd822184f\" pub_keys:\"G6VC6AB0QIAGNRU\" filters:\u003ckey:\u003cname:\"price.YYY.value\" type:TYPE_STRING \u003e conditions:\u003coperator:OPERATOR_EQUALS value:\"lastPrice\" \u003e \u003e \u003e oracle_spec_binding:\u003csettlement_price_property:\"price.YYY.value\" \u003e \u003e \u003e margin_calculator:\u003cscaling_factors:\u003csearch_level:1.025 initial_margin:1.05 collateral_release:1.1 \u003e \u003e log_normal_risk_model:\u003crisk_aversion_parameter:1e-05 tau:0.1 params:\u003csigma:0.1 \u003e \u003e \u003e decimal_places:6 fees:\u003cfactors:\u003cmaker_fee:\"0.000200\" infrastructure_fee:\"0.000500\" \u003e \u003e opening_auction:\u003cduration:9023 \u003e continuous:\u003ctick_size:\"0.000001\" \u003e price_monitoring_settings:\u003cparameters:\u003c\u003e update_frequency:1 \u003e liquidity_monitoring_parameters:\u003ctarget_stake_parameters:\u003ctime_window:3600 scaling_factor:0.1 \u003e triggering_ratio:0.7 auction_extension:1 \u003e trading_mode:TRADING_MODE_CONTINUOUS state:STATE_PROPOSED market_timestamps:\u003cproposed:1622564976766136291 open:1622564976766145314 close:4102444799000000000 \u003e )"}}
