{"time":"2021-06-01T16:29:38.079705Z","id":"31907-498","block":"f9a5135821f7cb21cd2346f36abd40f2f54752d94bb00e43534437ae61cc3783","type":"BUS_EVENT_TYPE_ORACLE_SPEC","oracleSpec":{"id":"6f9b102855efc7b2421df3de4007bd3c6b9fd237e0f9b9b18326800fd822184f","createdAt":"1622564976766136291","pubKeys":["G6VC6AB0QIAGNRU"],"filters":[{"key":{"name":"price.YYY.value","type":"TYPE_STRING"},"conditions":[{"operator":"OPERATOR_EQUALS","value":"lastPrice"}]}],"status":"STATUS_ACTIVE"}}
