{"time":"2021-06-01T16:07:44.346702Z","id":"30270-29","block":"497136130a68fea9930aa7bfdeaa178b1b381da3f6a148b6708e2c76abf87166","type":"BUS_EVENT_TYPE_ORDER","order":{"id":"V0000000567-0000005166","marketId":"1F0BB6EB5703B099","partyId":"0579a943b8f842eab5045f30cea3e999f6adbc85b12a95af63353034990c01aa","side":"SIDE_SELL","price":"7109","size":"3723","remaining":"3723","timeInForce":"TIME_IN_FORCE_GTC","type":"TYPE_LIMIT","createdAt":"1622563602251027337","status":"STATUS_CANCELLED","updatedAt":"1622563662457255517","version":"1","batchId":"219","peggedOrder":{"reference":"PEGGED_REFERENCE_BEST_ASK","offset":"44"},"liquidityProvisionId":"6246895ca6d5c078569bdef17376fc6527ae6c1286a3de9ae319379554589a38"}}
