{"time":"2021-06-01T16:11:13.733987Z","id":"30532-155","block":"ba390e1feadc1aae85984671ed724874c75b71943f68c7023b234857dc8ee256","type":"BUS_EVENT_TYPE_PARTY","party":{"id":"c1f55d6be5dddbbff20312e1103a6f4b86ff4a798b74d7e9c980f98fb6747c11"}}
