{"time":"2021-06-01T16:07:45.329494Z","id":"30270-547","block":"497136130a68fea9930aa7bfdeaa178b1b381da3f6a148b6708e2c76abf87166","type":"BUS_EVENT_TYPE_TRADE","trade":{"id":"V0000030271-0001798304-0000000000","marketId":"2839D9B2329C9E70","price":"36968599","size":"4","buyer":"152236da1f56041a23d06dc42db1ae91cf038171378a906360ba330c6b38be5b","seller":"d4014e4e3bb285d11964d2aaee4e662971bcbfa5348db6e2710b45cbe3d6298b","aggressor":"SIDE_SELL","buyOrder":"V0000030259-0001797628","sellOrder":"V0000030271-0001798304","timestamp":"1622563663355188728","type":"TYPE_DEFAULT","buyerFee":{},"sellerFee":{"makerFee":"29575","infrastructureFee":"73938","liquidityFee":"147875"}}}
