{"time":"2021-06-01T16:07:44.424477Z","id":"30270-489","block":"497136130a68fea9930aa7bfdeaa178b1b381da3f6a148b6708e2c76abf87166","type":"BUS_EVENT_TYPE_TRANSFER_RESPONSES","transferResponses":{"responses":[{"transfers":[{"fromAccount":"076BB86A5AA41E3E*6d9d35f657589e40ddfb448b7ad4a7463b66efb307527fedd2aa7df1bbd5ea616","toAccount":"076BB86A5AA41E3E0f3d86044f8e7efff27131227235fb6db82574e24f788c30723d67f888b51d616d9d35f657589e40ddfb448b7ad4a7463b66efb307527fedd2aa7df1bbd5ea613","amount":"10412267","reference":"TRANSFER_TYPE_LIQUIDITY_FEE_DISTRIBUTE","type":"settlement","timestamp":"1622563663355188728"}],"balances":[{"account":{"id":"076BB86A5AA41E3E0f3d86044f8e7efff27131227235fb6db82574e24f788c30723d67f888b51d616d9d35f657589e40ddfb448b7ad4a7463b66efb307527fedd2aa7df1bbd5ea613","owner":"0f3d86044f8e7efff27131227235fb6db82574e24f788c30723d67f888b51d61","balance":"8403871102530","asset":"6d9d35f657589e40ddfb448b7ad4a7463b66efb307527fedd2aa7df1bbd5ea61","marketId":"076BB86A5AA41E3E","type":"ACCOUNT_TYPE_MARGIN"},"balance":"10412267"}]},{"transfers":[{"fromAccount":"076BB86A5AA41E3E*6d9d35f657589e40ddfb448b7ad4a7463b66efb307527fedd2aa7df1bbd5ea616","toAccount":"076BB86A5AA41E3E12e48ab94cc7515233e5eb2b3b14ccb3cc4e1ca0485a9f298ab1f0d4dcf5cfc06d9d35f657589e40ddfb448b7ad4a7463b66efb307527fedd2aa7df1bbd5ea613","amount":"19907788","reference":"TRANSFER_TYPE_LIQUIDITY_FEE_DISTRIBUTE","type":"settlement","timestamp":"1622563663355188728"}],"balances":[{"account":{"id":"076BB86A5AA41E3E12e48ab94cc7515233e5eb2b3b14ccb3cc4e1ca0485a9f298ab1f0d4dcf5cfc06d9d35f657589e40ddfb448b7ad4a7463b66efb307527fedd2aa7df1bbd5ea613","owner":"12e48ab94cc7515233e5eb2b3b14ccb3cc4e1ca0485a9f298ab1f0d4dcf5cfc0","balance":"8404583927577","asset":"6d9d35f657589e40ddfb448b7ad4a7463b66efb307527fedd2aa7df1bbd5ea61","marketId":"076BB86A5AA41E3E","type":"ACCOUNT_TYPE_MARGIN"},"balance":"19907788"}]},{"transfers":[{"fromAccount":"076BB86A5AA41E3E*6d9d35f657589e40ddfb448b7ad4a7463b66efb307527fedd2aa7df1bbd5ea616","toAccount":"076BB86A5AA41E3E229fd0cac4fce2fcd483e5e6bc2bb2125986df2529751e6adf18e0d209f6a8d36d9d35f657589e40ddfb448b7ad4a7463b66efb307527fedd2aa7df1bbd5ea613","amount":"1113326","reference":"TRANSFER_TYPE_LIQUIDITY_FEE_DISTRIBUTE","type":"settlement","timestamp":"1622563663355188728"}],"balances":[{"account":{"id":"076BB86A5AA41E3E229fd0cac4fce2fcd483e5e6bc2bb2125986df2529751e6adf18e0d209f6a8d36d9d35f657589e40ddfb448b7ad4a7463b66efb307527fedd2aa7df1bbd5ea613","owner":"229fd0cac4fce2fcd483e5e6bc2bb2125986df2529751e6adf18e0d209f6a8d3","balance":"8402422678340","asset":"6d9d35f657589e40ddfb448b7ad4a7463b66efb307527fedd2aa7df1bbd5ea61","marketId":"076BB86A5AA41E3E","type":"ACCOUNT_TYPE_MARGIN"},"balance":"1113326"}]},{"transfers":[{"fromAccount":"076BB86A5AA41E3E*6d9d35f657589e40ddfb448b7ad4a7463b66efb307527fedd2aa7df1bbd5ea616","toAccount":"076BB86A5AA41E3E284622d1320875c667611a67366131d4f9b8400cba1a969816eeb42e3a8a2cdd6d9d35f657589e40ddfb448b7ad4a7463b66efb307527fedd2aa7df1bbd5ea613","amount":"1606746","reference":"TRANSFER_TYPE_LIQUIDITY_FEE_DISTRIBUTE","type":"settlement","timestamp":"1622563663355188728"}],"balances":[{"account":{"id":"076BB86A5AA41E3E284622d1320875c667611a67366131d4f9b8400cba1a969816eeb42e3a8a2cdd6d9d35f657589e40ddfb448b7ad4a7463b66efb307527fedd2aa7df1bbd5ea613","owner":"284622d1320875c667611a67366131d4f9b8400cba1a969816eeb42e3a8a2cdd","balance":"8402463083777","asset":"6d9d35f657589e40ddfb448b7ad4a7463b66efb307527fedd2aa7df1bbd5ea61","marketId":"076BB86A5AA41E3E","type":"ACCOUNT_TYPE_MARGIN"},"balance":"1606746"}]},{"transfers":[{"fromAccount":"076BB86A5AA41E3E*6d9d35f657589e40ddfb448b7ad4a7463b66efb307527fedd2aa7df1bbd5ea616","toAccount":"076BB86A5AA41E3E368b71018ca697277a2ddfa6d3e2639ef169b27bc52584e3f35bdae3f3c804f76d9d35f657589e40ddfb448b7ad4a7463b66efb307527fedd2aa7df1bbd5ea613","amount":"1116175","reference":"TRANSFER_TYPE_LIQUIDITY_FEE_DISTRIBUTE","type":"settlement","timestamp":"1622563663355188728"}],"balances":[{"account":{"id":"076BB86A5AA41E3E368b71018ca697277a2ddfa6d3e2639ef169b27bc52584e3f35bdae3f3c804f76d9d35f657589e40ddfb448b7ad4a7463b66efb307527fedd2aa7df1bbd5ea613","owner":"368b71018ca697277a2ddfa6d3e2639ef169b27bc52584e3f35bdae3f3c804f7","balance":"8403367722093","asset":"6d9d35f657589e40ddfb448b7ad4a7463b66efb307527fedd2aa7df1bbd5ea61","marketId":"076BB86A5AA41E3E","type":"ACCOUNT_TYPE_MARGIN"},"balance":"1116175"}]},{"transfers":[{"fromAccount":"076BB86A5AA41E3E*6d9d35f657589e40ddfb448b7ad4a7463b66efb307527fedd2aa7df1bbd5ea616","toAccount":"076BB86A5AA41E3E393df58cf10c6975e83aae37346376b4fd690188456a45d57601753c244ba7766d9d35f657589e40ddfb448b7ad4a7463b66efb307527fedd2aa7df1bbd5ea613","amount":"1040038","reference":"TRANSFER_TYPE_LIQUIDITY_FEE_DISTRIBUTE","type":"settlement","timestamp":"1622563663355188728"}],"balances":[{"account":{"id":"076BB86A5AA41E3E393df58cf10c6975e83aae37346376b4fd690188456a45d57601753c244ba7766d9d35f657589e40ddfb448b7ad4a7463b66efb307527fedd2aa7df1bbd5ea613","owner":"393df58cf10c6975e83aae37346376b4fd690188456a45d57601753c244ba776","balance":"8403618054923","asset":"6d9d35f657589e40ddfb448b7ad4a7463b66efb307527fedd2aa7df1bbd5ea61","marketId":"076BB86A5AA41E3E","type":"ACCOUNT_TYPE_MARGIN"},"balance":"1040038"}]},{"transfers":[{"fromAccount":"076BB86A5AA41E3E*6d9d35f657589e40ddfb448b7ad4a7463b66efb307527fedd2aa7df1bbd5ea616","toAccount":"076BB86A5AA41E3E69f39fdff434985edeb197dc086a98f95d4ebb59464d8cb407e48a10bf308c056d9d35f657589e40ddfb448b7ad4a7463b66efb307527fedd2aa7df1bbd5ea613","amount":"1040088","reference":"TRANSFER_TYPE_LIQUIDITY_FEE_DISTRIBUTE","type":"settlement","timestamp":"1622563663355188728"}],"balances":[{"account":{"id":"076BB86A5AA41E3E69f39fdff434985edeb197dc086a98f95d4ebb59464d8cb407e48a10bf308c056d9d35f657589e40ddfb448b7ad4a7463b66efb307527fedd2aa7df1bbd5ea613","owner":"69f39fdff434985edeb197dc086a98f95d4ebb59464d8cb407e48a10bf308c05","balance":"8403450055511","asset":"6d9d35f657589e40ddfb448b7ad4a7463b66efb307527fedd2aa7df1bbd5ea61","marketId":"076BB86A5AA41E3E","type":"ACCOUNT_TYPE_MARGIN"},"balance":"1040088"}]},{"transfers":[{"fromAccount":"076BB86A5AA41E3E*6d9d35f657589e40ddfb448b7ad4a7463b66efb307527fedd2aa7df1bbd5ea616","toAccount":"076BB86A5AA41E3E71d249215df4603fe448cf228a9b433e4256e6751d2166f92f6f56e45b04429b6d9d35f657589e40ddfb448b7ad4a7463b66efb307527fedd2aa7df1bbd5ea613","amount":"1115634","reference":"TRANSFER_TYPE_LIQUIDITY_FEE_DISTRIBUTE","type":"settlement","timestamp":"1622563663355188728"}],"balances":[{"account":{"id":"076BB86A5AA41E3E71d249215df4603fe448cf228a9b433e4256e6751d2166f92f6f56e45b04429b6d9d35f657589e40ddfb448b7ad4a7463b66efb307527fedd2aa7df1bbd5ea613","owner":"71d249215df4603fe448cf228a9b433e4256e6751d2166f92f6f56e45b04429b","balance":"8404276329094","asset":"6d9d35f657589e40ddfb448b7ad4a7463b66efb307527fedd2aa7df1bbd5ea61","marketId":"076BB86A5AA41E3E","type":"ACCOUNT_TYPE_MARGIN"},"balance":"1115634"}]},{"transfers":[{"fromAccount":"076BB86A5AA41E3E*6d9d35f657589e40ddfb448b7ad4a7463b66efb307527fedd2aa7df1bbd5ea616","toAccount":"076BB86A5AA41E3E76d995270cd14bccebfb435d84ca69eead46f7675c5b35555a32eeee6bbe2e9d6d9d35f657589e40ddfb448b7ad4a7463b66efb307527fedd2aa7df1bbd5ea613","amount":"1119237","reference":"TRANSFER_TYPE_LIQUIDITY_FEE_DISTRIBUTE","type":"settlement","timestamp":"1622563663355188728"}],"balances":[{"account":{"id":"076BB86A5AA41E3E76d995270cd14bccebfb435d84ca69eead46f7675c5b35555a32eeee6bbe2e9d6d9d35f657589e40ddfb448b7ad4a7463b66efb307527fedd2aa7df1bbd5ea613","owner":"76d995270cd14bccebfb435d84ca69eead46f7675c5b35555a32eeee6bbe2e9d","balance":"8402622451415","asset":"6d9d35f657589e40ddfb448b7ad4a7463b66efb307527fedd2aa7df1bbd5ea61","marketId":"076BB86A5AA41E3E","type":"ACCOUNT_TYPE_MARGIN"},"balance":"1119237"}]},{"transfers":[{"fromAccount":"076BB86A5AA41E3E*6d9d35f657589e40ddfb448b7ad4a7463b66efb307527fedd2aa7df1bbd5ea616","toAccount":"076BB86A5AA41E3E81f4adbb69b2811d887f359169510fd9e363a6a5a2a5904c68ca74c056c8cdc16d9d35f657589e40ddfb448b7ad4a7463b66efb307527fedd2aa7df1bbd5ea613","amount":"4455086","reference":"TRANSFER_TYPE_LIQUIDITY_FEE_DISTRIBUTE","type":"settlement","timestamp":"1622563663355188728"}],"balances":[{"account":{"id":"076BB86A5AA41E3E81f4adbb69b2811d887f359169510fd9e363a6a5a2a5904c68ca74c056c8cdc16d9d35f657589e40ddfb448b7ad4a7463b66efb307527fedd2aa7df1bbd5ea613","owner":"81f4adbb69b2811d887f359169510fd9e363a6a5a2a5904c68ca74c056c8cdc1","balance":"8403165732594","asset":"6d9d35f657589e40ddfb448b7ad4a7463b66efb307527fedd2aa7df1bbd5ea61","marketId":"076BB86A5AA41E3E","type":"ACCOUNT_TYPE_MARGIN"},"balance":"4455086"}]},{"transfers":[{"fromAccount":"076BB86A5AA41E3E*6d9d35f657589e40ddfb448b7ad4a7463b66efb307527fedd2aa7df1bbd5ea616","toAccount":"076BB86A5AA41E3E86a06c31d424bba5cce2d9aa78024cc2237df5b83c9422fd4250289428ea60176d9d35f657589e40ddfb448b7ad4a7463b66efb307527fedd2aa7df1bbd5ea613","amount":"15199238","reference":"TRANSFER_TYPE_LIQUIDITY_FEE_DISTRIBUTE","type":"settlement","timestamp":"1622563663355188728"}],"balances":[{"account":{"id":"076BB86A5AA41E3E86a06c31d424bba5cce2d9aa78024cc2237df5b83c9422fd4250289428ea60176d9d35f657589e40ddfb448b7ad4a7463b66efb307527fedd2aa7df1bbd5ea613","owner":"86a06c31d424bba5cce2d9aa78024cc2237df5b83c9422fd4250289428ea6017","balance":"8404022428973","asset":"6d9d35f657589e40ddfb448b7ad4a7463b66efb307527fedd2aa7df1bbd5ea61","marketId":"076BB86A5AA41E3E","type":"ACCOUNT_TYPE_MARGIN"},"balance":"15199238"}]},{"transfers":[{"fromAccount":"076BB86A5AA41E3E*6d9d35f657589e40ddfb448b7ad4a7463b66efb307527fedd2aa7df1bbd5ea616","toAccount":"076BB86A5AA41E3E8aaa9831b95db987b07ba680812384e2faab5fe04260febbc7cc1ac51f3f6f426d9d35f657589e40ddfb448b7ad4a7463b66efb307527fedd2aa7df1bbd5ea613","amount":"2519318","reference":"TRANSFER_TYPE_LIQUIDITY_FEE_DISTRIBUTE","type":"settlement","timestamp":"1622563663355188728"}],"balances":[{"account":{"id":"076BB86A5AA41E3E8aaa9831b95db987b07ba680812384e2faab5fe04260febbc7cc1ac51f3f6f426d9d35f657589e40ddfb448b7ad4a7463b66efb307527fedd2aa7df1bbd5ea613","owner":"8aaa9831b95db987b07ba680812384e2faab5fe04260febbc7cc1ac51f3f6f42","balance":"8402210898519","asset":"6d9d35f657589e40ddfb448b7ad4a7463b66efb307527fedd2aa7df1bbd5ea61","marketId":"076BB86A5AA41E3E","type":"ACCOUNT_TYPE_MARGIN"},"balance":"2519318"}]},{"transfers":[{"fromAccount":"076BB86A5AA41E3E*6d9d35f657589e40ddfb448b7ad4a7463b66efb307527fedd2aa7df1bbd5ea616","toAccount":"076BB86A5AA41E3E982ab033ee9f167badbf36df895f1f92a66d1c6acaa56b3d3229d5ebd80465446d9d35f657589e40ddfb448b7ad4a7463b66efb307527fedd2aa7df1bbd5ea613","amount":"58028564","reference":"TRANSFER_TYPE_LIQUIDITY_FEE_DISTRIBUTE","type":"settlement","timestamp":"1622563663355188728"}],"balances":[{"account":{"id":"076BB86A5AA41E3E982ab033ee9f167badbf36df895f1f92a66d1c6acaa56b3d3229d5ebd80465446d9d35f657589e40ddfb448b7ad4a7463b66efb307527fedd2aa7df1bbd5ea613","owner":"982ab033ee9f167badbf36df895f1f92a66d1c6acaa56b3d3229d5ebd8046544","balance":"8409263644717","asset":"6d9d35f657589e40ddfb448b7ad4a7463b66efb307527fedd2aa7df1bbd5ea61","marketId":"076BB86A5AA41E3E","type":"ACCOUNT_TYPE_MARGIN"},"balance":"58028564"}]},{"transfers":[{"fromAccount":"076BB86A5AA41E3E*6d9d35f657589e40ddfb448b7ad4a7463b66efb307527fedd2aa7df1bbd5ea616","toAccount":"076BB86A5AA41E3Ea89945405332ffa795e9959effdd4b2850da31299527187df63d2286bb801fc26d9d35f657589e40ddfb448b7ad4a7463b66efb307527fedd2aa7df1bbd5ea613","amount":"29444318","reference":"TRANSFER_TYPE_LIQUIDITY_FEE_DISTRIBUTE","type":"settlement","timestamp":"1622563663355188728"}],"balances":[{"account":{"id":"076BB86A5AA41E3Ea89945405332ffa795e9959effdd4b2850da31299527187df63d2286bb801fc26d9d35f657589e40ddfb448b7ad4a7463b66efb307527fedd2aa7df1bbd5ea613","owner":"a89945405332ffa795e9959effdd4b2850da31299527187df63d2286bb801fc2","balance":"8406954788953","asset":"6d9d35f657589e40ddfb448b7ad4a7463b66efb307527fedd2aa7df1bbd5ea61","marketId":"076BB86A5AA41E3E","type":"ACCOUNT_TYPE_MARGIN"},"balance":"29444318"}]},{"transfers":[{"fromAccount":"076BB86A5AA41E3E*6d9d35f657589e40ddfb448b7ad4a7463b66efb307527fedd2aa7df1bbd5ea616","toAccount":"076BB86A5AA41E3Ede223826ae879f14e1437c8a6d9427ba2d738a3442b6cde5111d7d96c410be9c6d9d35f657589e40ddfb448b7ad4a7463b66efb307527fedd2aa7df1bbd5ea613","amount":"12344033","reference":"TRANSFER_TYPE_LIQUIDITY_FEE_DISTRIBUTE","type":"settlement","timestamp":"1622563663355188728"}],"balances":[{"account":{"id":"076BB86A5AA41E3Ede223826ae879f14e1437c8a6d9427ba2d738a3442b6cde5111d7d96c410be9c6d9d35f657589e40ddfb448b7ad4a7463b66efb307527fedd2aa7df1bbd5ea613","owner":"de223826ae879f14e1437c8a6d9427ba2d738a3442b6cde5111d7d96c410be9c","balance":"8404627996350","asset":"6d9d35f657589e40ddfb448b7ad4a7463b66efb307527fedd2aa7df1bbd5ea61","marketId":"076BB86A5AA41E3E","type":"ACCOUNT_TYPE_MARGIN"},"balance":"12344033"}]},{"transfers":[{"fromAccount":"076BB86A5AA41E3E*6d9d35f657589e40ddfb448b7ad4a7463b66efb307527fedd2aa7df1bbd5ea616","toAccount":"076BB86A5AA41E3Ef332839e727b6cff8233e36599f9b458d26502225021e9a94213350f423a86cd6d9d35f657589e40ddfb448b7ad4a7463b66efb307527fedd2aa7df1bbd5ea613","amount":"5970345","reference":"TRANSFER_TYPE_LIQUIDITY_FEE_DISTRIBUTE","type":"settlement","timestamp":"1622563663355188728"}],"balances":[{"account":{"id":"076BB86A5AA41E3Ef332839e727b6cff8233e36599f9b458d26502225021e9a94213350f423a86cd6d9d35f657589e40ddfb448b7ad4a7463b66efb307527fedd2aa7df1bbd5ea613","owner":"f332839e727b6cff8233e36599f9b458d26502225021e9a94213350f423a86cd","balance":"8403157041446","asset":"6d9d35f657589e40ddfb448b7ad4a7463b66efb307527fedd2aa7df1bbd5ea61","marketId":"076BB86A5AA41E3E","type":"ACCOUNT_TYPE_MARGIN"},"balance":"5970345"}]}]}}
