{"time":"2021-06-01T16:07:45.478Z","id":"30271-964","block":"12ae233ea47ffba655749253286d9a63154a6037f6199350dfc30a3e9e45f7fb","type":"BUS_EVENT_TYPE_WITHDRAWAL","withdrawal":{"id":"af6e66ee1e1a643338f55b8dfe00129b09b926a997edddf1f10e76b31c65cdad","status":"STATUS_OPEN","partyId":"c5fdc709b3464ca10292437ce493dc0e497b2c3ea22a5fde714c4e487b93011d","asset":"XYZalpha","amount":"100000000000","createdTimestamp":"1622563664144423580"}}